
  .   ____          _            __ _ _
 /\\ / ___'_ __ _ _(_)_ __  __ _ \ \ \ \
( ( )\___ | '_ | '_| | '_ \/ _` | \ \ \ \
 \\/  ___)| |_)| | | | | || (_| |  ) ) ) )
  '  |____| .__|_| |_|_| |_\__, | / / / /
 =========|_|==============|___/=/_/_/_/

 :: Spring Boot ::                (v3.4.1)

2025-11-12T15:30:30.749+07:00  INFO 32940 --- [UserService] [           main] c.l.user.UserServiceApplication          : Starting UserServiceApplication v0.0.1-SNAPSHOT using Java 17.0.12 with PID 32940 (C:\Users\phihu\OneDrive\Documents\J2EE\LongDistanceBus\services\user-service\target\user-service-0.0.1-SNAPSHOT.jar started by phihu in C:\Users\phihu\OneDrive\Documents\J2EE\LongDistanceBus\services\user-service)
2025-11-12T15:30:30.753+07:00 DEBUG 32940 --- [UserService] [           main] c.l.user.UserServiceApplication          : Running with Spring Boot v3.4.1, Spring v6.2.1
2025-11-12T15:30:30.754+07:00  INFO 32940 --- [UserService] [           main] c.l.user.UserServiceApplication          : No active profile set, falling back to 1 default profile: "default"
2025-11-12T15:30:31.892+07:00  INFO 32940 --- [UserService] [           main] .s.d.r.c.RepositoryConfigurationDelegate : Bootstrapping Spring Data JPA repositories in DEFAULT mode.
2025-11-12T15:30:31.947+07:00  INFO 32940 --- [UserService] [           main] .s.d.r.c.RepositoryConfigurationDelegate : Finished Spring Data repository scanning in 45 ms. Found 2 JPA repository interfaces.
2025-11-12T15:30:32.813+07:00  INFO 32940 --- [UserService] [           main] o.s.b.w.embedded.tomcat.TomcatWebServer  : Tomcat initialized with port 8082 (http)
2025-11-12T15:30:32.828+07:00  INFO 32940 --- [UserService] [           main] o.apache.catalina.core.StandardService   : Starting service [Tomcat]
2025-11-12T15:30:32.828+07:00  INFO 32940 --- [UserService] [           main] o.apache.catalina.core.StandardEngine    : Starting Servlet engine: [Apache Tomcat/10.1.34]
2025-11-12T15:30:32.875+07:00  INFO 32940 --- [UserService] [           main] o.a.c.c.C.[Tomcat].[localhost].[/]       : Initializing Spring embedded WebApplicationContext
2025-11-12T15:30:32.880+07:00  INFO 32940 --- [UserService] [           main] w.s.c.ServletWebServerApplicationContext : Root WebApplicationContext: initialization completed in 2065 ms
2025-11-12T15:30:33.482+07:00  INFO 32940 --- [UserService] [           main] com.zaxxer.hikari.HikariDataSource       : HikariPool-1 - Starting...
2025-11-12T15:30:33.668+07:00  INFO 32940 --- [UserService] [           main] com.zaxxer.hikari.pool.HikariPool        : HikariPool-1 - Added connection com.mysql.cj.jdbc.ConnectionImpl@1cc708a7
2025-11-12T15:30:33.670+07:00  INFO 32940 --- [UserService] [           main] com.zaxxer.hikari.HikariDataSource       : HikariPool-1 - Start completed.
2025-11-12T15:30:33.716+07:00  INFO 32940 --- [UserService] [           main] org.flywaydb.core.FlywayExecutor         : Database: jdbc:mysql://localhost:3306/userdb?useSSL=false&allowPublicKeyRetrieval=true&serverTimezone=UTC (MySQL 8.0)
2025-11-12T15:30:33.775+07:00  INFO 32940 --- [UserService] [           main] o.f.core.internal.command.DbValidate     : Successfully validated 3 migrations (execution time 00:00.031s)
2025-11-12T15:30:33.790+07:00  INFO 32940 --- [UserService] [           main] o.f.core.internal.command.DbMigrate      : Current version of schema `userdb`: 3
2025-11-12T15:30:33.794+07:00  INFO 32940 --- [UserService] [           main] o.f.core.internal.command.DbMigrate      : Schema `userdb` is up to date. No migration necessary.
2025-11-12T15:30:33.905+07:00  INFO 32940 --- [UserService] [           main] o.hibernate.jpa.internal.util.LogHelper  : HHH000204: Processing PersistenceUnitInfo [name: default]
2025-11-12T15:30:33.971+07:00  INFO 32940 --- [UserService] [           main] org.hibernate.Version                    : HHH000412: Hibernate ORM core version 6.6.4.Final
2025-11-12T15:30:34.008+07:00  INFO 32940 --- [UserService] [           main] o.h.c.internal.RegionFactoryInitiator    : HHH000026: Second-level cache disabled
2025-11-12T15:30:34.245+07:00  INFO 32940 --- [UserService] [           main] o.s.o.j.p.SpringPersistenceUnitInfo      : No LoadTimeWeaver setup: ignoring JPA class transformer
2025-11-12T15:30:34.312+07:00  INFO 32940 --- [UserService] [           main] org.hibernate.orm.connections.pooling    : HHH10001005: Database info:
	Database JDBC URL [Connecting through datasource 'HikariDataSource (HikariPool-1)']
	Database driver: undefined/unknown
	Database version: 8.0.43
	Autocommit mode: undefined/unknown
	Isolation level: undefined/unknown
	Minimum pool size: undefined/unknown
	Maximum pool size: undefined/unknown
2025-11-12T15:30:35.038+07:00  INFO 32940 --- [UserService] [           main] o.h.e.t.j.p.i.JtaPlatformInitiator       : HHH000489: No JTA platform available (set 'hibernate.transaction.jta.platform' to enable JTA platform integration)
2025-11-12T15:30:35.062+07:00  INFO 32940 --- [UserService] [           main] j.LocalContainerEntityManagerFactoryBean : Initialized JPA EntityManagerFactory for persistence unit 'default'
2025-11-12T15:30:35.504+07:00 TRACE 32940 --- [UserService] [           main] eGlobalAuthenticationAutowiredConfigurer : Eagerly initializing {securityConfig=com.longdistancebus.user.config.SecurityConfig$$SpringCGLIB$$0@137a70f1}
2025-11-12T15:30:35.506+07:00 DEBUG 32940 --- [UserService] [           main] swordEncoderAuthenticationManagerBuilder : No authenticationProviders and no parentAuthenticationManager defined. Returning null.
2025-11-12T15:30:36.069+07:00  INFO 32940 --- [UserService] [           main] o.s.b.a.e.web.EndpointLinksResolver      : Exposing 1 endpoint beneath base path '/actuator'
2025-11-12T15:30:36.176+07:00 DEBUG 32940 --- [UserService] [           main] o.s.s.web.DefaultSecurityFilterChain     : Will secure Or [Mvc [pattern='/auth/register'], Mvc [pattern='/auth/login'], Mvc [pattern='/ping'], Mvc [pattern='/.well-known/**']] with filters: DisableEncodeUrlFilter, WebAsyncManagerIntegrationFilter, SecurityContextHolderFilter, HeaderWriterFilter, LogoutFilter, RequestCacheAwareFilter, SecurityContextHolderAwareRequestFilter, AnonymousAuthenticationFilter, SessionManagementFilter, ExceptionTranslationFilter, AuthorizationFilter
2025-11-12T15:30:36.294+07:00 DEBUG 32940 --- [UserService] [           main] o.s.s.web.DefaultSecurityFilterChain     : Will secure any request with filters: DisableEncodeUrlFilter, WebAsyncManagerIntegrationFilter, SecurityContextHolderFilter, HeaderWriterFilter, LogoutFilter, BearerTokenAuthenticationFilter, RequestCacheAwareFilter, SecurityContextHolderAwareRequestFilter, AnonymousAuthenticationFilter, SessionManagementFilter, ExceptionTranslationFilter, AuthorizationFilter
2025-11-12T15:30:36.743+07:00  INFO 32940 --- [UserService] [           main] o.s.b.w.embedded.tomcat.TomcatWebServer  : Tomcat started on port 8082 (http) with context path '/'
2025-11-12T15:30:36.759+07:00  INFO 32940 --- [UserService] [           main] c.l.user.UserServiceApplication          : Started UserServiceApplication in 6.513 seconds (process running for 7.018)
2025-11-12T15:31:09.558+07:00  INFO 32940 --- [UserService] [nio-8082-exec-1] o.a.c.c.C.[Tomcat].[localhost].[/]       : Initializing Spring DispatcherServlet 'dispatcherServlet'
2025-11-12T15:31:09.559+07:00  INFO 32940 --- [UserService] [nio-8082-exec-1] o.s.web.servlet.DispatcherServlet        : Initializing Servlet 'dispatcherServlet'
2025-11-12T15:31:09.559+07:00  INFO 32940 --- [UserService] [nio-8082-exec-1] o.s.web.servlet.DispatcherServlet        : Completed initialization in 0 ms
2025-11-12T15:31:09.578+07:00 TRACE 32940 --- [UserService] [nio-8082-exec-1] o.s.security.web.FilterChainProxy        : Trying to match request against DefaultSecurityFilterChain defined as 'publicEndpoints' in [class path resource [com/longdistancebus/user/config/SecurityConfig.class]] matching [Or [Mvc [pattern='/auth/register'], Mvc [pattern='/auth/login'], Mvc [pattern='/ping'], Mvc [pattern='/.well-known/**']]] and having filters [DisableEncodeUrl, WebAsyncManagerIntegration, SecurityContextHolder, HeaderWriter, Logout, RequestCacheAware, SecurityContextHolderAwareRequest, AnonymousAuthentication, SessionManagement, ExceptionTranslation, Authorization] (1/2)
2025-11-12T15:31:09.578+07:00 DEBUG 32940 --- [UserService] [nio-8082-exec-1] o.s.security.web.FilterChainProxy        : Securing POST /auth/register
2025-11-12T15:31:09.580+07:00 TRACE 32940 --- [UserService] [nio-8082-exec-1] o.s.security.web.FilterChainProxy        : Invoking DisableEncodeUrlFilter (1/11)
2025-11-12T15:31:09.582+07:00 TRACE 32940 --- [UserService] [nio-8082-exec-1] o.s.security.web.FilterChainProxy        : Invoking WebAsyncManagerIntegrationFilter (2/11)
2025-11-12T15:31:09.586+07:00 TRACE 32940 --- [UserService] [nio-8082-exec-1] o.s.security.web.FilterChainProxy        : Invoking SecurityContextHolderFilter (3/11)
2025-11-12T15:31:09.586+07:00 TRACE 32940 --- [UserService] [nio-8082-exec-1] o.s.security.web.FilterChainProxy        : Invoking HeaderWriterFilter (4/11)
2025-11-12T15:31:09.588+07:00 TRACE 32940 --- [UserService] [nio-8082-exec-1] o.s.security.web.FilterChainProxy        : Invoking LogoutFilter (5/11)
2025-11-12T15:31:09.588+07:00 TRACE 32940 --- [UserService] [nio-8082-exec-1] o.s.s.w.a.logout.LogoutFilter            : Did not match request to Or [Ant [pattern='/logout', GET], Ant [pattern='/logout', POST], Ant [pattern='/logout', PUT], Ant [pattern='/logout', DELETE]]
2025-11-12T15:31:09.588+07:00 TRACE 32940 --- [UserService] [nio-8082-exec-1] o.s.security.web.FilterChainProxy        : Invoking RequestCacheAwareFilter (6/11)
2025-11-12T15:31:09.588+07:00 TRACE 32940 --- [UserService] [nio-8082-exec-1] o.s.security.web.FilterChainProxy        : Invoking SecurityContextHolderAwareRequestFilter (7/11)
2025-11-12T15:31:09.590+07:00 TRACE 32940 --- [UserService] [nio-8082-exec-1] o.s.security.web.FilterChainProxy        : Invoking AnonymousAuthenticationFilter (8/11)
2025-11-12T15:31:09.590+07:00 TRACE 32940 --- [UserService] [nio-8082-exec-1] o.s.security.web.FilterChainProxy        : Invoking SessionManagementFilter (9/11)
2025-11-12T15:31:09.591+07:00 TRACE 32940 --- [UserService] [nio-8082-exec-1] .s.s.w.c.SupplierDeferredSecurityContext : Created SecurityContextImpl [Null authentication]
2025-11-12T15:31:09.592+07:00 TRACE 32940 --- [UserService] [nio-8082-exec-1] o.s.s.w.a.AnonymousAuthenticationFilter  : Set SecurityContextHolder to AnonymousAuthenticationToken [Principal=anonymousUser, Credentials=[PROTECTED], Authenticated=true, Details=WebAuthenticationDetails [RemoteIpAddress=127.0.0.1, SessionId=null], Granted Authorities=[ROLE_ANONYMOUS]]
2025-11-12T15:31:09.592+07:00 TRACE 32940 --- [UserService] [nio-8082-exec-1] o.s.security.web.FilterChainProxy        : Invoking ExceptionTranslationFilter (10/11)
2025-11-12T15:31:09.592+07:00 TRACE 32940 --- [UserService] [nio-8082-exec-1] o.s.security.web.FilterChainProxy        : Invoking AuthorizationFilter (11/11)
2025-11-12T15:31:09.594+07:00 TRACE 32940 --- [UserService] [nio-8082-exec-1] estMatcherDelegatingAuthorizationManager : Authorizing POST /auth/register
2025-11-12T15:31:09.595+07:00 TRACE 32940 --- [UserService] [nio-8082-exec-1] estMatcherDelegatingAuthorizationManager : Checking authorization on POST /auth/register using org.springframework.security.config.annotation.web.configurers.AuthorizeHttpRequestsConfigurer$$Lambda$1691/0x000002b01c9fc208@32cf08e4
2025-11-12T15:31:09.596+07:00 DEBUG 32940 --- [UserService] [nio-8082-exec-1] o.s.security.web.FilterChainProxy        : Secured POST /auth/register
2025-11-12T15:31:09.869+07:00 TRACE 32940 --- [UserService] [nio-8082-exec-1] o.s.s.w.header.writers.HstsHeaderWriter  : Not injecting HSTS header since it did not match request to [Is Secure]
2025-11-12T15:31:17.513+07:00 TRACE 32940 --- [UserService] [nio-8082-exec-2] o.s.security.web.FilterChainProxy        : Trying to match request against DefaultSecurityFilterChain defined as 'publicEndpoints' in [class path resource [com/longdistancebus/user/config/SecurityConfig.class]] matching [Or [Mvc [pattern='/auth/register'], Mvc [pattern='/auth/login'], Mvc [pattern='/ping'], Mvc [pattern='/.well-known/**']]] and having filters [DisableEncodeUrl, WebAsyncManagerIntegration, SecurityContextHolder, HeaderWriter, Logout, RequestCacheAware, SecurityContextHolderAwareRequest, AnonymousAuthentication, SessionManagement, ExceptionTranslation, Authorization] (1/2)
2025-11-12T15:31:17.513+07:00 DEBUG 32940 --- [UserService] [nio-8082-exec-2] o.s.security.web.FilterChainProxy        : Securing POST /auth/login
2025-11-12T15:31:17.514+07:00 TRACE 32940 --- [UserService] [nio-8082-exec-2] o.s.security.web.FilterChainProxy        : Invoking DisableEncodeUrlFilter (1/11)
2025-11-12T15:31:17.514+07:00 TRACE 32940 --- [UserService] [nio-8082-exec-2] o.s.security.web.FilterChainProxy        : Invoking WebAsyncManagerIntegrationFilter (2/11)
2025-11-12T15:31:17.514+07:00 TRACE 32940 --- [UserService] [nio-8082-exec-2] o.s.security.web.FilterChainProxy        : Invoking SecurityContextHolderFilter (3/11)
2025-11-12T15:31:17.514+07:00 TRACE 32940 --- [UserService] [nio-8082-exec-2] o.s.security.web.FilterChainProxy        : Invoking HeaderWriterFilter (4/11)
2025-11-12T15:31:17.515+07:00 TRACE 32940 --- [UserService] [nio-8082-exec-2] o.s.security.web.FilterChainProxy        : Invoking LogoutFilter (5/11)
2025-11-12T15:31:17.515+07:00 TRACE 32940 --- [UserService] [nio-8082-exec-2] o.s.s.w.a.logout.LogoutFilter            : Did not match request to Or [Ant [pattern='/logout', GET], Ant [pattern='/logout', POST], Ant [pattern='/logout', PUT], Ant [pattern='/logout', DELETE]]
2025-11-12T15:31:17.515+07:00 TRACE 32940 --- [UserService] [nio-8082-exec-2] o.s.security.web.FilterChainProxy        : Invoking RequestCacheAwareFilter (6/11)
2025-11-12T15:31:17.515+07:00 TRACE 32940 --- [UserService] [nio-8082-exec-2] o.s.security.web.FilterChainProxy        : Invoking SecurityContextHolderAwareRequestFilter (7/11)
2025-11-12T15:31:17.515+07:00 TRACE 32940 --- [UserService] [nio-8082-exec-2] o.s.security.web.FilterChainProxy        : Invoking AnonymousAuthenticationFilter (8/11)
2025-11-12T15:31:17.516+07:00 TRACE 32940 --- [UserService] [nio-8082-exec-2] o.s.security.web.FilterChainProxy        : Invoking SessionManagementFilter (9/11)
2025-11-12T15:31:17.516+07:00 TRACE 32940 --- [UserService] [nio-8082-exec-2] .s.s.w.c.SupplierDeferredSecurityContext : Created SecurityContextImpl [Null authentication]
2025-11-12T15:31:17.516+07:00 TRACE 32940 --- [UserService] [nio-8082-exec-2] o.s.s.w.a.AnonymousAuthenticationFilter  : Set SecurityContextHolder to AnonymousAuthenticationToken [Principal=anonymousUser, Credentials=[PROTECTED], Authenticated=true, Details=WebAuthenticationDetails [RemoteIpAddress=127.0.0.1, SessionId=null], Granted Authorities=[ROLE_ANONYMOUS]]
2025-11-12T15:31:17.516+07:00 TRACE 32940 --- [UserService] [nio-8082-exec-2] o.s.security.web.FilterChainProxy        : Invoking ExceptionTranslationFilter (10/11)
2025-11-12T15:31:17.516+07:00 TRACE 32940 --- [UserService] [nio-8082-exec-2] o.s.security.web.FilterChainProxy        : Invoking AuthorizationFilter (11/11)
2025-11-12T15:31:17.517+07:00 TRACE 32940 --- [UserService] [nio-8082-exec-2] estMatcherDelegatingAuthorizationManager : Authorizing POST /auth/login
2025-11-12T15:31:17.517+07:00 TRACE 32940 --- [UserService] [nio-8082-exec-2] estMatcherDelegatingAuthorizationManager : Checking authorization on POST /auth/login using org.springframework.security.config.annotation.web.configurers.AuthorizeHttpRequestsConfigurer$$Lambda$1691/0x000002b01c9fc208@32cf08e4
2025-11-12T15:31:17.517+07:00 DEBUG 32940 --- [UserService] [nio-8082-exec-2] o.s.security.web.FilterChainProxy        : Secured POST /auth/login
2025-11-12T15:31:17.670+07:00 TRACE 32940 --- [UserService] [nio-8082-exec-2] o.s.s.w.header.writers.HstsHeaderWriter  : Not injecting HSTS header since it did not match request to [Is Secure]
2025-11-12T15:31:24.681+07:00 TRACE 32940 --- [UserService] [nio-8082-exec-4] o.s.security.web.FilterChainProxy        : Trying to match request against DefaultSecurityFilterChain defined as 'publicEndpoints' in [class path resource [com/longdistancebus/user/config/SecurityConfig.class]] matching [Or [Mvc [pattern='/auth/register'], Mvc [pattern='/auth/login'], Mvc [pattern='/ping'], Mvc [pattern='/.well-known/**']]] and having filters [DisableEncodeUrl, WebAsyncManagerIntegration, SecurityContextHolder, HeaderWriter, Logout, RequestCacheAware, SecurityContextHolderAwareRequest, AnonymousAuthentication, SessionManagement, ExceptionTranslation, Authorization] (1/2)
2025-11-12T15:31:24.681+07:00 TRACE 32940 --- [UserService] [nio-8082-exec-4] o.s.security.web.FilterChainProxy        : Trying to match request against DefaultSecurityFilterChain defined as 'apiEndpoints' in [class path resource [com/longdistancebus/user/config/SecurityConfig.class]] matching [any request] and having filters [DisableEncodeUrl, WebAsyncManagerIntegration, SecurityContextHolder, HeaderWriter, Logout, BearerTokenAuthentication, RequestCacheAware, SecurityContextHolderAwareRequest, AnonymousAuthentication, SessionManagement, ExceptionTranslation, Authorization] (2/2)
2025-11-12T15:31:24.682+07:00 DEBUG 32940 --- [UserService] [nio-8082-exec-4] o.s.security.web.FilterChainProxy        : Securing GET /auth/me
2025-11-12T15:31:24.682+07:00 TRACE 32940 --- [UserService] [nio-8082-exec-4] o.s.security.web.FilterChainProxy        : Invoking DisableEncodeUrlFilter (1/12)
2025-11-12T15:31:24.682+07:00 TRACE 32940 --- [UserService] [nio-8082-exec-4] o.s.security.web.FilterChainProxy        : Invoking WebAsyncManagerIntegrationFilter (2/12)
2025-11-12T15:31:24.682+07:00 TRACE 32940 --- [UserService] [nio-8082-exec-4] o.s.security.web.FilterChainProxy        : Invoking SecurityContextHolderFilter (3/12)
2025-11-12T15:31:24.683+07:00 TRACE 32940 --- [UserService] [nio-8082-exec-4] o.s.security.web.FilterChainProxy        : Invoking HeaderWriterFilter (4/12)
2025-11-12T15:31:24.683+07:00 TRACE 32940 --- [UserService] [nio-8082-exec-4] o.s.security.web.FilterChainProxy        : Invoking LogoutFilter (5/12)
2025-11-12T15:31:24.683+07:00 TRACE 32940 --- [UserService] [nio-8082-exec-4] o.s.s.w.a.logout.LogoutFilter            : Did not match request to Or [Ant [pattern='/logout', GET], Ant [pattern='/logout', POST], Ant [pattern='/logout', PUT], Ant [pattern='/logout', DELETE]]
2025-11-12T15:31:24.683+07:00 TRACE 32940 --- [UserService] [nio-8082-exec-4] o.s.security.web.FilterChainProxy        : Invoking BearerTokenAuthenticationFilter (6/12)
2025-11-12T15:31:24.684+07:00 TRACE 32940 --- [UserService] [nio-8082-exec-4] o.s.s.authentication.ProviderManager     : Authenticating request with JwtAuthenticationProvider (1/2)
2025-11-12T15:31:24.724+07:00 TRACE 32940 --- [UserService] [nio-8082-exec-4] s.o.s.r.a.JwtGrantedAuthoritiesConverter : Looking for scopes in claim roles
2025-11-12T15:31:24.725+07:00 DEBUG 32940 --- [UserService] [nio-8082-exec-4] o.s.s.o.s.r.a.JwtAuthenticationProvider  : Authenticated token
2025-11-12T15:31:24.726+07:00 DEBUG 32940 --- [UserService] [nio-8082-exec-4] .s.r.w.a.BearerTokenAuthenticationFilter : Set SecurityContextHolder to JwtAuthenticationToken [Principal=org.springframework.security.oauth2.jwt.Jwt@12f29ad5, Credentials=[PROTECTED], Authenticated=true, Details=WebAuthenticationDetails [RemoteIpAddress=127.0.0.1, SessionId=null], Granted Authorities=[ROLE_USER]]
2025-11-12T15:31:24.727+07:00 TRACE 32940 --- [UserService] [nio-8082-exec-4] o.s.security.web.FilterChainProxy        : Invoking RequestCacheAwareFilter (7/12)
2025-11-12T15:31:24.727+07:00 TRACE 32940 --- [UserService] [nio-8082-exec-4] o.s.security.web.FilterChainProxy        : Invoking SecurityContextHolderAwareRequestFilter (8/12)
2025-11-12T15:31:24.727+07:00 TRACE 32940 --- [UserService] [nio-8082-exec-4] o.s.security.web.FilterChainProxy        : Invoking AnonymousAuthenticationFilter (9/12)
2025-11-12T15:31:24.727+07:00 TRACE 32940 --- [UserService] [nio-8082-exec-4] o.s.security.web.FilterChainProxy        : Invoking SessionManagementFilter (10/12)
2025-11-12T15:31:24.727+07:00 TRACE 32940 --- [UserService] [nio-8082-exec-4] o.s.s.w.a.AnonymousAuthenticationFilter  : Did not set SecurityContextHolder since already authenticated JwtAuthenticationToken [Principal=org.springframework.security.oauth2.jwt.Jwt@12f29ad5, Credentials=[PROTECTED], Authenticated=true, Details=WebAuthenticationDetails [RemoteIpAddress=127.0.0.1, SessionId=null], Granted Authorities=[ROLE_USER]]
2025-11-12T15:31:24.728+07:00 TRACE 32940 --- [UserService] [nio-8082-exec-4] s.CompositeSessionAuthenticationStrategy : Preparing session with ChangeSessionIdAuthenticationStrategy (1/1)
2025-11-12T15:31:24.728+07:00 TRACE 32940 --- [UserService] [nio-8082-exec-4] o.s.security.web.FilterChainProxy        : Invoking ExceptionTranslationFilter (11/12)
2025-11-12T15:31:24.728+07:00 TRACE 32940 --- [UserService] [nio-8082-exec-4] o.s.security.web.FilterChainProxy        : Invoking AuthorizationFilter (12/12)
2025-11-12T15:31:24.729+07:00 TRACE 32940 --- [UserService] [nio-8082-exec-4] estMatcherDelegatingAuthorizationManager : Authorizing GET /auth/me
2025-11-12T15:31:24.729+07:00 TRACE 32940 --- [UserService] [nio-8082-exec-4] estMatcherDelegatingAuthorizationManager : Checking authorization on GET /auth/me using org.springframework.security.authorization.AuthenticatedAuthorizationManager@2dc800b8
2025-11-12T15:31:24.730+07:00 DEBUG 32940 --- [UserService] [nio-8082-exec-4] o.s.security.web.FilterChainProxy        : Secured GET /auth/me
2025-11-12T15:31:24.741+07:00 TRACE 32940 --- [UserService] [nio-8082-exec-4] o.s.s.w.header.writers.HstsHeaderWriter  : Not injecting HSTS header since it did not match request to [Is Secure]
2025-11-12T15:31:31.440+07:00 TRACE 32940 --- [UserService] [nio-8082-exec-6] o.s.security.web.FilterChainProxy        : Trying to match request against DefaultSecurityFilterChain defined as 'publicEndpoints' in [class path resource [com/longdistancebus/user/config/SecurityConfig.class]] matching [Or [Mvc [pattern='/auth/register'], Mvc [pattern='/auth/login'], Mvc [pattern='/ping'], Mvc [pattern='/.well-known/**']]] and having filters [DisableEncodeUrl, WebAsyncManagerIntegration, SecurityContextHolder, HeaderWriter, Logout, RequestCacheAware, SecurityContextHolderAwareRequest, AnonymousAuthentication, SessionManagement, ExceptionTranslation, Authorization] (1/2)
2025-11-12T15:31:31.440+07:00 DEBUG 32940 --- [UserService] [nio-8082-exec-6] o.s.security.web.FilterChainProxy        : Securing GET /.well-known/jwks.json
2025-11-12T15:31:31.440+07:00 TRACE 32940 --- [UserService] [nio-8082-exec-6] o.s.security.web.FilterChainProxy        : Invoking DisableEncodeUrlFilter (1/11)
2025-11-12T15:31:31.442+07:00 TRACE 32940 --- [UserService] [nio-8082-exec-6] o.s.security.web.FilterChainProxy        : Invoking WebAsyncManagerIntegrationFilter (2/11)
2025-11-12T15:31:31.442+07:00 TRACE 32940 --- [UserService] [nio-8082-exec-6] o.s.security.web.FilterChainProxy        : Invoking SecurityContextHolderFilter (3/11)
2025-11-12T15:31:31.442+07:00 TRACE 32940 --- [UserService] [nio-8082-exec-6] o.s.security.web.FilterChainProxy        : Invoking HeaderWriterFilter (4/11)
2025-11-12T15:31:31.442+07:00 TRACE 32940 --- [UserService] [nio-8082-exec-6] o.s.security.web.FilterChainProxy        : Invoking LogoutFilter (5/11)
2025-11-12T15:31:31.442+07:00 TRACE 32940 --- [UserService] [nio-8082-exec-6] o.s.s.w.a.logout.LogoutFilter            : Did not match request to Or [Ant [pattern='/logout', GET], Ant [pattern='/logout', POST], Ant [pattern='/logout', PUT], Ant [pattern='/logout', DELETE]]
2025-11-12T15:31:31.443+07:00 TRACE 32940 --- [UserService] [nio-8082-exec-6] o.s.security.web.FilterChainProxy        : Invoking RequestCacheAwareFilter (6/11)
2025-11-12T15:31:31.443+07:00 TRACE 32940 --- [UserService] [nio-8082-exec-6] o.s.security.web.FilterChainProxy        : Invoking SecurityContextHolderAwareRequestFilter (7/11)
2025-11-12T15:31:31.443+07:00 TRACE 32940 --- [UserService] [nio-8082-exec-6] o.s.security.web.FilterChainProxy        : Invoking AnonymousAuthenticationFilter (8/11)
2025-11-12T15:31:31.443+07:00 TRACE 32940 --- [UserService] [nio-8082-exec-6] o.s.security.web.FilterChainProxy        : Invoking SessionManagementFilter (9/11)
2025-11-12T15:31:31.444+07:00 TRACE 32940 --- [UserService] [nio-8082-exec-6] .s.s.w.c.SupplierDeferredSecurityContext : Created SecurityContextImpl [Null authentication]
2025-11-12T15:31:31.444+07:00 TRACE 32940 --- [UserService] [nio-8082-exec-6] o.s.s.w.a.AnonymousAuthenticationFilter  : Set SecurityContextHolder to AnonymousAuthenticationToken [Principal=anonymousUser, Credentials=[PROTECTED], Authenticated=true, Details=WebAuthenticationDetails [RemoteIpAddress=127.0.0.1, SessionId=null], Granted Authorities=[ROLE_ANONYMOUS]]
2025-11-12T15:31:31.444+07:00 TRACE 32940 --- [UserService] [nio-8082-exec-6] o.s.security.web.FilterChainProxy        : Invoking ExceptionTranslationFilter (10/11)
2025-11-12T15:31:31.444+07:00 TRACE 32940 --- [UserService] [nio-8082-exec-6] o.s.security.web.FilterChainProxy        : Invoking AuthorizationFilter (11/11)
2025-11-12T15:31:31.444+07:00 TRACE 32940 --- [UserService] [nio-8082-exec-6] estMatcherDelegatingAuthorizationManager : Authorizing GET /.well-known/jwks.json
2025-11-12T15:31:31.444+07:00 TRACE 32940 --- [UserService] [nio-8082-exec-6] estMatcherDelegatingAuthorizationManager : Checking authorization on GET /.well-known/jwks.json using org.springframework.security.config.annotation.web.configurers.AuthorizeHttpRequestsConfigurer$$Lambda$1691/0x000002b01c9fc208@32cf08e4
2025-11-12T15:31:31.444+07:00 DEBUG 32940 --- [UserService] [nio-8082-exec-6] o.s.security.web.FilterChainProxy        : Secured GET /.well-known/jwks.json
2025-11-12T15:31:31.449+07:00 TRACE 32940 --- [UserService] [nio-8082-exec-6] o.s.s.w.header.writers.HstsHeaderWriter  : Not injecting HSTS header since it did not match request to [Is Secure]
